Archive member included to satisfy reference by file (symbol)

/usr/local/Cellar/avr-gcc@9/9.3.0_3/lib/avr-gcc/9/gcc/avr/9.3.0/avr5/libgcc.a(_exit.o)
                              /usr/local/Cellar/avr-gcc@9/9.3.0_3/lib/avr-gcc/9/gcc/avr/9.3.0/../../../../../../avr/lib/avr5/crtatmega328p.o (exit)
/usr/local/Cellar/avr-gcc@9/9.3.0_3/lib/avr-gcc/9/gcc/avr/9.3.0/avr5/libgcc.a(_copy_data.o)
                              /var/folders/pt/dwcfn9sj5f79_5k1b3fzbqpw0000gn/T//JTAG2UPDI.elf.Cqt3XV.ltrans0.ltrans.o (__do_copy_data)
/usr/local/Cellar/avr-gcc@9/9.3.0_3/lib/avr-gcc/9/gcc/avr/9.3.0/avr5/libgcc.a(_clear_bss.o)
                              /var/folders/pt/dwcfn9sj5f79_5k1b3fzbqpw0000gn/T//JTAG2UPDI.elf.Cqt3XV.ltrans0.ltrans.o (__do_clear_bss)

Discarded input sections

 .data          0x0000000000000000        0x0 /usr/local/Cellar/avr-gcc@9/9.3.0_3/lib/avr-gcc/9/gcc/avr/9.3.0/../../../../../../avr/lib/avr5/crtatmega328p.o
 .bss           0x0000000000000000        0x0 /usr/local/Cellar/avr-gcc@9/9.3.0_3/lib/avr-gcc/9/gcc/avr/9.3.0/../../../../../../avr/lib/avr5/crtatmega328p.o
 .text          0x0000000000000000        0x0 /var/folders/pt/dwcfn9sj5f79_5k1b3fzbqpw0000gn/T//JTAG2UPDI.elf.Cqt3XV.ltrans0.ltrans.o
 .data          0x0000000000000000        0x0 /var/folders/pt/dwcfn9sj5f79_5k1b3fzbqpw0000gn/T//JTAG2UPDI.elf.Cqt3XV.ltrans0.ltrans.o
 .bss           0x0000000000000000        0x0 /var/folders/pt/dwcfn9sj5f79_5k1b3fzbqpw0000gn/T//JTAG2UPDI.elf.Cqt3XV.ltrans0.ltrans.o
 .text          0x0000000000000000        0x0 /usr/local/Cellar/avr-gcc@9/9.3.0_3/lib/avr-gcc/9/gcc/avr/9.3.0/avr5/libgcc.a(_exit.o)
 .data          0x0000000000000000        0x0 /usr/local/Cellar/avr-gcc@9/9.3.0_3/lib/avr-gcc/9/gcc/avr/9.3.0/avr5/libgcc.a(_exit.o)
 .bss           0x0000000000000000        0x0 /usr/local/Cellar/avr-gcc@9/9.3.0_3/lib/avr-gcc/9/gcc/avr/9.3.0/avr5/libgcc.a(_exit.o)
 .text.libgcc.mul
                0x0000000000000000        0x0 /usr/local/Cellar/avr-gcc@9/9.3.0_3/lib/avr-gcc/9/gcc/avr/9.3.0/avr5/libgcc.a(_exit.o)
 .text.libgcc.div
                0x0000000000000000        0x0 /usr/local/Cellar/avr-gcc@9/9.3.0_3/lib/avr-gcc/9/gcc/avr/9.3.0/avr5/libgcc.a(_exit.o)
 .text.libgcc   0x0000000000000000        0x0 /usr/local/Cellar/avr-gcc@9/9.3.0_3/lib/avr-gcc/9/gcc/avr/9.3.0/avr5/libgcc.a(_exit.o)
 .text.libgcc.prologue
                0x0000000000000000        0x0 /usr/local/Cellar/avr-gcc@9/9.3.0_3/lib/avr-gcc/9/gcc/avr/9.3.0/avr5/libgcc.a(_exit.o)
 .text.libgcc.builtins
                0x0000000000000000        0x0 /usr/local/Cellar/avr-gcc@9/9.3.0_3/lib/avr-gcc/9/gcc/avr/9.3.0/avr5/libgcc.a(_exit.o)
 .text.libgcc.fmul
                0x0000000000000000        0x0 /usr/local/Cellar/avr-gcc@9/9.3.0_3/lib/avr-gcc/9/gcc/avr/9.3.0/avr5/libgcc.a(_exit.o)
 .text.libgcc.fixed
                0x0000000000000000        0x0 /usr/local/Cellar/avr-gcc@9/9.3.0_3/lib/avr-gcc/9/gcc/avr/9.3.0/avr5/libgcc.a(_exit.o)
 .text          0x0000000000000000        0x0 /usr/local/Cellar/avr-gcc@9/9.3.0_3/lib/avr-gcc/9/gcc/avr/9.3.0/avr5/libgcc.a(_copy_data.o)
 .data          0x0000000000000000        0x0 /usr/local/Cellar/avr-gcc@9/9.3.0_3/lib/avr-gcc/9/gcc/avr/9.3.0/avr5/libgcc.a(_copy_data.o)
 .bss           0x0000000000000000        0x0 /usr/local/Cellar/avr-gcc@9/9.3.0_3/lib/avr-gcc/9/gcc/avr/9.3.0/avr5/libgcc.a(_copy_data.o)
 .text.libgcc.mul
                0x0000000000000000        0x0 /usr/local/Cellar/avr-gcc@9/9.3.0_3/lib/avr-gcc/9/gcc/avr/9.3.0/avr5/libgcc.a(_copy_data.o)
 .text.libgcc.div
                0x0000000000000000        0x0 /usr/local/Cellar/avr-gcc@9/9.3.0_3/lib/avr-gcc/9/gcc/avr/9.3.0/avr5/libgcc.a(_copy_data.o)
 .text.libgcc   0x0000000000000000        0x0 /usr/local/Cellar/avr-gcc@9/9.3.0_3/lib/avr-gcc/9/gcc/avr/9.3.0/avr5/libgcc.a(_copy_data.o)
 .text.libgcc.prologue
                0x0000000000000000        0x0 /usr/local/Cellar/avr-gcc@9/9.3.0_3/lib/avr-gcc/9/gcc/avr/9.3.0/avr5/libgcc.a(_copy_data.o)
 .text.libgcc.builtins
                0x0000000000000000        0x0 /usr/local/Cellar/avr-gcc@9/9.3.0_3/lib/avr-gcc/9/gcc/avr/9.3.0/avr5/libgcc.a(_copy_data.o)
 .text.libgcc.fmul
                0x0000000000000000        0x0 /usr/local/Cellar/avr-gcc@9/9.3.0_3/lib/avr-gcc/9/gcc/avr/9.3.0/avr5/libgcc.a(_copy_data.o)
 .text.libgcc.fixed
                0x0000000000000000        0x0 /usr/local/Cellar/avr-gcc@9/9.3.0_3/lib/avr-gcc/9/gcc/avr/9.3.0/avr5/libgcc.a(_copy_data.o)
 .text          0x0000000000000000        0x0 /usr/local/Cellar/avr-gcc@9/9.3.0_3/lib/avr-gcc/9/gcc/avr/9.3.0/avr5/libgcc.a(_clear_bss.o)
 .data          0x0000000000000000        0x0 /usr/local/Cellar/avr-gcc@9/9.3.0_3/lib/avr-gcc/9/gcc/avr/9.3.0/avr5/libgcc.a(_clear_bss.o)
 .bss           0x0000000000000000        0x0 /usr/local/Cellar/avr-gcc@9/9.3.0_3/lib/avr-gcc/9/gcc/avr/9.3.0/avr5/libgcc.a(_clear_bss.o)
 .text.libgcc.mul
                0x0000000000000000        0x0 /usr/local/Cellar/avr-gcc@9/9.3.0_3/lib/avr-gcc/9/gcc/avr/9.3.0/avr5/libgcc.a(_clear_bss.o)
 .text.libgcc.div
                0x0000000000000000        0x0 /usr/local/Cellar/avr-gcc@9/9.3.0_3/lib/avr-gcc/9/gcc/avr/9.3.0/avr5/libgcc.a(_clear_bss.o)
 .text.libgcc   0x0000000000000000        0x0 /usr/local/Cellar/avr-gcc@9/9.3.0_3/lib/avr-gcc/9/gcc/avr/9.3.0/avr5/libgcc.a(_clear_bss.o)
 .text.libgcc.prologue
                0x0000000000000000        0x0 /usr/local/Cellar/avr-gcc@9/9.3.0_3/lib/avr-gcc/9/gcc/avr/9.3.0/avr5/libgcc.a(_clear_bss.o)
 .text.libgcc.builtins
                0x0000000000000000        0x0 /usr/local/Cellar/avr-gcc@9/9.3.0_3/lib/avr-gcc/9/gcc/avr/9.3.0/avr5/libgcc.a(_clear_bss.o)
 .text.libgcc.fmul
                0x0000000000000000        0x0 /usr/local/Cellar/avr-gcc@9/9.3.0_3/lib/avr-gcc/9/gcc/avr/9.3.0/avr5/libgcc.a(_clear_bss.o)
 .text.libgcc.fixed
                0x0000000000000000        0x0 /usr/local/Cellar/avr-gcc@9/9.3.0_3/lib/avr-gcc/9/gcc/avr/9.3.0/avr5/libgcc.a(_clear_bss.o)

Memory Configuration

Name             Origin             Length             Attributes
text             0x0000000000000000 0x0000000000020000 xr
data             0x0000000000800060 0x000000000000ffa0 rw !x
eeprom           0x0000000000810000 0x0000000000010000 rw !x
fuse             0x0000000000820000 0x0000000000000400 rw !x
lock             0x0000000000830000 0x0000000000000400 rw !x
signature        0x0000000000840000 0x0000000000000400 rw !x
user_signatures  0x0000000000850000 0x0000000000000400 rw !x
*default*        0x0000000000000000 0xffffffffffffffff

Linker script and memory map

Address of section .data set to 0x800100
LOAD /usr/local/Cellar/avr-gcc@9/9.3.0_3/lib/avr-gcc/9/gcc/avr/9.3.0/../../../../../../avr/lib/avr5/crtatmega328p.o
LOAD jtag2updi.o
LOAD /var/folders/pt/dwcfn9sj5f79_5k1b3fzbqpw0000gn/T//JTAG2UPDI.elf.Cqt3XV.ltrans0.ltrans.o
LOAD JTAG2.o
LOAD JICE_io.o
LOAD UPDI_lo_lvl.o
LOAD UPDI_hi_lvl.o
LOAD updi_io.o
LOAD updi_io_soft.o
LOAD crc16.o
LOAD sys.o
LOAD /usr/local/Cellar/avr-gcc@9/9.3.0_3/lib/avr-gcc/9/gcc/avr/9.3.0/../../../../../../avr/lib/avr5/libm.a
START GROUP
END GROUP
LOAD /usr/local/Cellar/avr-gcc@9/9.3.0_3/lib/avr-gcc/9/gcc/avr/9.3.0/avr5/libgcc.a
LOAD /usr/local/Cellar/avr-gcc@9/9.3.0_3/lib/avr-gcc/9/gcc/avr/9.3.0/../../../../../../avr/lib/avr5/libm.a
START GROUP
LOAD /usr/local/Cellar/avr-gcc@9/9.3.0_3/lib/avr-gcc/9/gcc/avr/9.3.0/avr5/libgcc.a
LOAD /usr/local/Cellar/avr-gcc@9/9.3.0_3/lib/avr-gcc/9/gcc/avr/9.3.0/../../../../../../avr/lib/avr5/libm.a
LOAD /usr/local/Cellar/avr-gcc@9/9.3.0_3/lib/avr-gcc/9/gcc/avr/9.3.0/../../../../../../avr/lib/avr5/libc.a
LOAD /usr/local/Cellar/avr-gcc@9/9.3.0_3/lib/avr-gcc/9/gcc/avr/9.3.0/../../../../../../avr/lib/avr5/libatmega328p.a
END GROUP
                0x0000000000020000                __TEXT_REGION_LENGTH__ = DEFINED (__TEXT_REGION_LENGTH__)?__TEXT_REGION_LENGTH__:0x20000
                0x000000000000ffa0                __DATA_REGION_LENGTH__ = DEFINED (__DATA_REGION_LENGTH__)?__DATA_REGION_LENGTH__:0xffa0
                0x0000000000010000                __EEPROM_REGION_LENGTH__ = DEFINED (__EEPROM_REGION_LENGTH__)?__EEPROM_REGION_LENGTH__:0x10000
                0x0000000000000400                __FUSE_REGION_LENGTH__ = DEFINED (__FUSE_REGION_LENGTH__)?__FUSE_REGION_LENGTH__:0x400
                0x0000000000000400                __LOCK_REGION_LENGTH__ = DEFINED (__LOCK_REGION_LENGTH__)?__LOCK_REGION_LENGTH__:0x400
                0x0000000000000400                __SIGNATURE_REGION_LENGTH__ = DEFINED (__SIGNATURE_REGION_LENGTH__)?__SIGNATURE_REGION_LENGTH__:0x400
                0x0000000000000400                __USER_SIGNATURE_REGION_LENGTH__ = DEFINED (__USER_SIGNATURE_REGION_LENGTH__)?__USER_SIGNATURE_REGION_LENGTH__:0x400

.hash
 *(.hash)

.dynsym
 *(.dynsym)

.dynstr
 *(.dynstr)

.gnu.version
 *(.gnu.version)

.gnu.version_d
 *(.gnu.version_d)

.gnu.version_r
 *(.gnu.version_r)

.rel.init
 *(.rel.init)

.rela.init
 *(.rela.init)

.rel.text
 *(.rel.text)
 *(.rel.text.*)
 *(.rel.gnu.linkonce.t*)

.rela.text
 *(.rela.text)
 *(.rela.text.*)
 *(.rela.gnu.linkonce.t*)

.rel.fini
 *(.rel.fini)

.rela.fini
 *(.rela.fini)

.rel.rodata
 *(.rel.rodata)
 *(.rel.rodata.*)
 *(.rel.gnu.linkonce.r*)

.rela.rodata
 *(.rela.rodata)
 *(.rela.rodata.*)
 *(.rela.gnu.linkonce.r*)

.rel.data
 *(.rel.data)
 *(.rel.data.*)
 *(.rel.gnu.linkonce.d*)

.rela.data
 *(.rela.data)
 *(.rela.data.*)
 *(.rela.gnu.linkonce.d*)

.rel.ctors
 *(.rel.ctors)

.rela.ctors
 *(.rela.ctors)

.rel.dtors
 *(.rel.dtors)

.rela.dtors
 *(.rela.dtors)

.rel.got
 *(.rel.got)

.rela.got
 *(.rela.got)

.rel.bss
 *(.rel.bss)

.rela.bss
 *(.rela.bss)

.rel.plt
 *(.rel.plt)

.rela.plt
 *(.rela.plt)

.text           0x0000000000000000      0xd9e
 *(.vectors)
 .vectors       0x0000000000000000       0x68 /usr/local/Cellar/avr-gcc@9/9.3.0_3/lib/avr-gcc/9/gcc/avr/9.3.0/../../../../../../avr/lib/avr5/crtatmega328p.o
                0x0000000000000000                __vectors
                0x0000000000000000                __vector_default
 *(.vectors)
 *(.progmem.gcc*)
                0x0000000000000068                . = ALIGN (0x2)
                0x0000000000000068                __trampolines_start = .
 *(.trampolines)
 .trampolines   0x0000000000000068        0x0 linker stubs
 *(.trampolines*)
                0x0000000000000068                __trampolines_end = .
 *libprintf_flt.a:*(.progmem.data)
 *libc.a:*(.progmem.data)
 *(.progmem.*)
 .progmem.data._ZN12_GLOBAL__N_1L8sgn_respE
                0x0000000000000068       0x1d /var/folders/pt/dwcfn9sj5f79_5k1b3fzbqpw0000gn/T//JTAG2UPDI.elf.Cqt3XV.ltrans0.ltrans.o
 .progmem.data._ZN4UPDI10Chip_EraseE
                0x0000000000000085        0x8 /var/folders/pt/dwcfn9sj5f79_5k1b3fzbqpw0000gn/T//JTAG2UPDI.elf.Cqt3XV.ltrans0.ltrans.o
 .progmem.data._ZN12_GLOBAL__N_1L8baud_tblE
                0x000000000000008d       0x38 /var/folders/pt/dwcfn9sj5f79_5k1b3fzbqpw0000gn/T//JTAG2UPDI.elf.Cqt3XV.ltrans0.ltrans.o
 .progmem.data._ZN4UPDI8NVM_ProgE
                0x00000000000000c5        0x8 /var/folders/pt/dwcfn9sj5f79_5k1b3fzbqpw0000gn/T//JTAG2UPDI.elf.Cqt3XV.ltrans0.ltrans.o
 .progmem.data._ZN12_GLOBAL__N_1L9crc_tableE
                0x00000000000000cd      0x200 /var/folders/pt/dwcfn9sj5f79_5k1b3fzbqpw0000gn/T//JTAG2UPDI.elf.Cqt3XV.ltrans0.ltrans.o
                0x00000000000002ce                . = ALIGN (0x2)
 *fill*         0x00000000000002cd        0x1 
 *(.lowtext)
 *(.lowtext*)
                0x00000000000002ce                __ctors_start = .
 *(.ctors)
                0x00000000000002ce                __ctors_end = .
                0x00000000000002ce                __dtors_start = .
 *(.dtors)
                0x00000000000002ce                __dtors_end = .
 SORT_BY_NAME(*)(.ctors)
 SORT_BY_NAME(*)(.dtors)
 *(.init0)
 .init0         0x00000000000002ce        0x0 /usr/local/Cellar/avr-gcc@9/9.3.0_3/lib/avr-gcc/9/gcc/avr/9.3.0/../../../../../../avr/lib/avr5/crtatmega328p.o
                0x00000000000002ce                __init
 *(.init0)
 *(.init1)
 *(.init1)
 *(.init2)
 .init2         0x00000000000002ce        0xc /usr/local/Cellar/avr-gcc@9/9.3.0_3/lib/avr-gcc/9/gcc/avr/9.3.0/../../../../../../avr/lib/avr5/crtatmega328p.o
 *(.init2)
 *(.init3)
 *(.init3)
 *(.init4)
 .init4         0x00000000000002da       0x16 /usr/local/Cellar/avr-gcc@9/9.3.0_3/lib/avr-gcc/9/gcc/avr/9.3.0/avr5/libgcc.a(_copy_data.o)
                0x00000000000002da                __do_copy_data
 .init4         0x00000000000002f0       0x10 /usr/local/Cellar/avr-gcc@9/9.3.0_3/lib/avr-gcc/9/gcc/avr/9.3.0/avr5/libgcc.a(_clear_bss.o)
                0x00000000000002f0                __do_clear_bss
 *(.init4)
 *(.init5)
 *(.init5)
 *(.init6)
 *(.init6)
 *(.init7)
 *(.init7)
 *(.init8)
 *(.init8)
 *(.init9)
 .init9         0x0000000000000300        0x4 /usr/local/Cellar/avr-gcc@9/9.3.0_3/lib/avr-gcc/9/gcc/avr/9.3.0/../../../../../../avr/lib/avr5/crtatmega328p.o
 *(.init9)
 *(.text)
 .text          0x0000000000000304        0x2 /usr/local/Cellar/avr-gcc@9/9.3.0_3/lib/avr-gcc/9/gcc/avr/9.3.0/../../../../../../avr/lib/avr5/crtatmega328p.o
                0x0000000000000304                __vector_20
                0x0000000000000304                __vector_1
                0x0000000000000304                __vector_24
                0x0000000000000304                __vector_12
                0x0000000000000304                __bad_interrupt
                0x0000000000000304                __vector_6
                0x0000000000000304                __vector_3
                0x0000000000000304                __vector_23
                0x0000000000000304                __vector_25
                0x0000000000000304                __vector_11
                0x0000000000000304                __vector_13
                0x0000000000000304                __vector_17
                0x0000000000000304                __vector_19
                0x0000000000000304                __vector_7
                0x0000000000000304                __vector_5
                0x0000000000000304                __vector_4
                0x0000000000000304                __vector_9
                0x0000000000000304                __vector_2
                0x0000000000000304                __vector_21
                0x0000000000000304                __vector_15
                0x0000000000000304                __vector_8
                0x0000000000000304                __vector_14
                0x0000000000000304                __vector_10
                0x0000000000000304                __vector_16
                0x0000000000000304                __vector_18
                0x0000000000000304                __vector_22
                0x0000000000000306                . = ALIGN (0x2)
 *(.text.*)
 .text._ZN5JTAG210set_statusENS_8responseEh.constprop.0
                0x0000000000000306       0x14 /var/folders/pt/dwcfn9sj5f79_5k1b3fzbqpw0000gn/T//JTAG2UPDI.elf.Cqt3XV.ltrans0.ltrans.o
 .text._ZN3CRC4nextEhj
                0x000000000000031a       0x1a /var/folders/pt/dwcfn9sj5f79_5k1b3fzbqpw0000gn/T//JTAG2UPDI.elf.Cqt3XV.ltrans0.ltrans.o
 .text._ZN7UPDI_io3putEc
                0x0000000000000334       0x44 /var/folders/pt/dwcfn9sj5f79_5k1b3fzbqpw0000gn/T//JTAG2UPDI.elf.Cqt3XV.ltrans0.ltrans.o
 .text._ZN7UPDI_io3getEv
                0x0000000000000378       0x44 /var/folders/pt/dwcfn9sj5f79_5k1b3fzbqpw0000gn/T//JTAG2UPDI.elf.Cqt3XV.ltrans0.ltrans.o
 .text._ZN4UPDI5lds_bEj.constprop.0
                0x00000000000003bc       0x12 /var/folders/pt/dwcfn9sj5f79_5k1b3fzbqpw0000gn/T//JTAG2UPDI.elf.Cqt3XV.ltrans0.ltrans.o
 .text._ZN4UPDI4ldcsENS_3regE.constprop.0
                0x00000000000003ce        0xa /var/folders/pt/dwcfn9sj5f79_5k1b3fzbqpw0000gn/T//JTAG2UPDI.elf.Cqt3XV.ltrans0.ltrans.o
 .text._ZN4UPDI7stinc_bEh
                0x00000000000003d8       0x14 /var/folders/pt/dwcfn9sj5f79_5k1b3fzbqpw0000gn/T//JTAG2UPDI.elf.Cqt3XV.ltrans0.ltrans.o
 .text._ZN4UPDI7ldptr_wEv
                0x00000000000003ec       0x18 /var/folders/pt/dwcfn9sj5f79_5k1b3fzbqpw0000gn/T//JTAG2UPDI.elf.Cqt3XV.ltrans0.ltrans.o
 .text._ZN4UPDI7stptr_lEm
                0x0000000000000404       0x28 /var/folders/pt/dwcfn9sj5f79_5k1b3fzbqpw0000gn/T//JTAG2UPDI.elf.Cqt3XV.ltrans0.ltrans.o
 .text._ZN4UPDI7stptr_wEj
                0x000000000000042c       0x1e /var/folders/pt/dwcfn9sj5f79_5k1b3fzbqpw0000gn/T//JTAG2UPDI.elf.Cqt3XV.ltrans0.ltrans.o
 .text._ZN4UPDI7sts_b_lEmh
                0x000000000000044a       0x32 /var/folders/pt/dwcfn9sj5f79_5k1b3fzbqpw0000gn/T//JTAG2UPDI.elf.Cqt3XV.ltrans0.ltrans.o
 .text._ZN4UPDI5sts_bEjh
                0x000000000000047c       0x2a /var/folders/pt/dwcfn9sj5f79_5k1b3fzbqpw0000gn/T//JTAG2UPDI.elf.Cqt3XV.ltrans0.ltrans.o
 .text._ZN4UPDI3repEh
                0x00000000000004a6       0x12 /var/folders/pt/dwcfn9sj5f79_5k1b3fzbqpw0000gn/T//JTAG2UPDI.elf.Cqt3XV.ltrans0.ltrans.o
 .text._ZN4UPDI4stcsENS_3regEh
                0x00000000000004b8       0x1a /var/folders/pt/dwcfn9sj5f79_5k1b3fzbqpw0000gn/T//JTAG2UPDI.elf.Cqt3XV.ltrans0.ltrans.o
 .text._ZN4UPDI13CPU_reset_offEv
                0x00000000000004d2       0x30 /var/folders/pt/dwcfn9sj5f79_5k1b3fzbqpw0000gn/T//JTAG2UPDI.elf.Cqt3XV.ltrans0.ltrans.o
 .text._ZN4UPDI9CPU_resetEv
                0x0000000000000502        0x8 /var/folders/pt/dwcfn9sj5f79_5k1b3fzbqpw0000gn/T//JTAG2UPDI.elf.Cqt3XV.ltrans0.ltrans.o
 .text._ZN7JICE_io3getEv
                0x000000000000050a       0x10 /var/folders/pt/dwcfn9sj5f79_5k1b3fzbqpw0000gn/T//JTAG2UPDI.elf.Cqt3XV.ltrans0.ltrans.o
 .text._ZN7JICE_io3putEc
                0x000000000000051a       0x16 /var/folders/pt/dwcfn9sj5f79_5k1b3fzbqpw0000gn/T//JTAG2UPDI.elf.Cqt3XV.ltrans0.ltrans.o
 .text._ZZN12_GLOBAL__N_118NVM_buffered_writeEjjhhENKUlhhE_clEhh.isra.0
                0x0000000000000530       0x6c /var/folders/pt/dwcfn9sj5f79_5k1b3fzbqpw0000gn/T//JTAG2UPDI.elf.Cqt3XV.ltrans0.ltrans.o
 .text._ZN3NVM4waitILb0EEEvv
                0x000000000000059c        0x8 /var/folders/pt/dwcfn9sj5f79_5k1b3fzbqpw0000gn/T//JTAG2UPDI.elf.Cqt3XV.ltrans0.ltrans.o
 .text._ZN6NVM_v27commandILb0EEEvh
                0x00000000000005a4        0xc /var/folders/pt/dwcfn9sj5f79_5k1b3fzbqpw0000gn/T//JTAG2UPDI.elf.Cqt3XV.ltrans0.ltrans.o
 .text._ZN6NVM_v24waitILb0EEEvv
                0x00000000000005b0       0x1c /var/folders/pt/dwcfn9sj5f79_5k1b3fzbqpw0000gn/T//JTAG2UPDI.elf.Cqt3XV.ltrans0.ltrans.o
 .text._ZN4UPDI9write_keyIK5flashIhEEEvRA8_T_
                0x00000000000005cc       0x26 /var/folders/pt/dwcfn9sj5f79_5k1b3fzbqpw0000gn/T//JTAG2UPDI.elf.Cqt3XV.ltrans0.ltrans.o
 .text._ZN5JTAG210set_statusENS_8responseE
                0x00000000000005f2       0x10 /var/folders/pt/dwcfn9sj5f79_5k1b3fzbqpw0000gn/T//JTAG2UPDI.elf.Cqt3XV.ltrans0.ltrans.o
 .text._ZN5JTAG22goEv
                0x0000000000000602       0x14 /var/folders/pt/dwcfn9sj5f79_5k1b3fzbqpw0000gn/T//JTAG2UPDI.elf.Cqt3XV.ltrans0.ltrans.o
 .text._ZN5JTAG214leave_progmodeEv
                0x0000000000000616       0x30 /var/folders/pt/dwcfn9sj5f79_5k1b3fzbqpw0000gn/T//JTAG2UPDI.elf.Cqt3XV.ltrans0.ltrans.o
 .text._ZN5JTAG214enter_progmodeEv
                0x0000000000000646       0x6c /var/folders/pt/dwcfn9sj5f79_5k1b3fzbqpw0000gn/T//JTAG2UPDI.elf.Cqt3XV.ltrans0.ltrans.o
 .text._ZL10send_breakv
                0x00000000000006b2       0x26 /var/folders/pt/dwcfn9sj5f79_5k1b3fzbqpw0000gn/T//JTAG2UPDI.elf.Cqt3XV.ltrans0.ltrans.o
 .text.startup.main
                0x00000000000006d8      0x6c2 /var/folders/pt/dwcfn9sj5f79_5k1b3fzbqpw0000gn/T//JTAG2UPDI.elf.Cqt3XV.ltrans0.ltrans.o
                0x00000000000006d8                main
                0x0000000000000d9a                . = ALIGN (0x2)
 *(.fini9)
 .fini9         0x0000000000000d9a        0x0 /usr/local/Cellar/avr-gcc@9/9.3.0_3/lib/avr-gcc/9/gcc/avr/9.3.0/avr5/libgcc.a(_exit.o)
                0x0000000000000d9a                exit
                0x0000000000000d9a                _exit
 *(.fini9)
 *(.fini8)
 *(.fini8)
 *(.fini7)
 *(.fini7)
 *(.fini6)
 *(.fini6)
 *(.fini5)
 *(.fini5)
 *(.fini4)
 *(.fini4)
 *(.fini3)
 *(.fini3)
 *(.fini2)
 *(.fini2)
 *(.fini1)
 *(.fini1)
 *(.fini0)
 .fini0         0x0000000000000d9a        0x4 /usr/local/Cellar/avr-gcc@9/9.3.0_3/lib/avr-gcc/9/gcc/avr/9.3.0/avr5/libgcc.a(_exit.o)
 *(.fini0)
 *(.hightext)
 *(.hightext*)
 *(.progmemx.*)
                0x0000000000000d9e                . = ALIGN (0x2)
 *(.jumptables)
 *(.jumptables*)
                0x0000000000000d9e                _etext = .

.data           0x0000000000800100        0x2 load address 0x0000000000000d9e
                0x0000000000800100                PROVIDE (__data_start = .)
 *(.data)
 *(.data*)
 .data._ZN12_GLOBAL__N_111nvm_versionE
                0x0000000000800100        0x1 /var/folders/pt/dwcfn9sj5f79_5k1b3fzbqpw0000gn/T//JTAG2UPDI.elf.Cqt3XV.ltrans0.ltrans.o
 *(.gnu.linkonce.d*)
 *(.rodata)
 *(.rodata*)
 *(.gnu.linkonce.r*)
                0x0000000000800102                . = ALIGN (0x2)
 *fill*         0x0000000000800101        0x1 
                0x0000000000800102                _edata = .
                0x0000000000800102                PROVIDE (__data_end = .)

.bss            0x0000000000800102      0x2c8
                0x0000000000800102                PROVIDE (__bss_start = .)
 *(.bss)
 *(.bss*)
 .bss._ZN5JTAG218PARAM_EMU_MODE_VALE
                0x0000000000800102        0x1 /var/folders/pt/dwcfn9sj5f79_5k1b3fzbqpw0000gn/T//JTAG2UPDI.elf.Cqt3XV.ltrans0.ltrans.o
 .bss._ZN12_GLOBAL__N_115eeprom_pagesizeE
                0x0000000000800103        0x1 /var/folders/pt/dwcfn9sj5f79_5k1b3fzbqpw0000gn/T//JTAG2UPDI.elf.Cqt3XV.ltrans0.ltrans.o
 .bss._ZN12_GLOBAL__N_114flash_pagesizeE
                0x0000000000800104        0x2 /var/folders/pt/dwcfn9sj5f79_5k1b3fzbqpw0000gn/T//JTAG2UPDI.elf.Cqt3XV.ltrans0.ltrans.o
 .bss._ZN5JTAG219PARAM_BAUD_RATE_VALE
                0x0000000000800106        0x1 /var/folders/pt/dwcfn9sj5f79_5k1b3fzbqpw0000gn/T//JTAG2UPDI.elf.Cqt3XV.ltrans0.ltrans.o
 .bss._ZN5JTAG211ConnectedToE
                0x0000000000800107        0x1 /var/folders/pt/dwcfn9sj5f79_5k1b3fzbqpw0000gn/T//JTAG2UPDI.elf.Cqt3XV.ltrans0.ltrans.o
 .bss._ZN5JTAG26packetE
                0x0000000000800108      0x2c2 /var/folders/pt/dwcfn9sj5f79_5k1b3fzbqpw0000gn/T//JTAG2UPDI.elf.Cqt3XV.ltrans0.ltrans.o
 *(COMMON)
                0x00000000008003ca                PROVIDE (__bss_end = .)
                0x0000000000000d9e                __data_load_start = LOADADDR (.data)
                0x0000000000000da0                __data_load_end = (__data_load_start + SIZEOF (.data))

.noinit         0x00000000008003ca        0x0
                [!provide]                        PROVIDE (__noinit_start = .)
 *(.noinit .noinit.* .gnu.linkonce.n.*)
                [!provide]                        PROVIDE (__noinit_end = .)
                0x00000000008003ca                _end = .
                [!provide]                        PROVIDE (__heap_start = .)

.eeprom         0x0000000000810000        0x0
 *(.eeprom*)
                0x0000000000810000                __eeprom_end = .

.fuse
 *(.fuse)
 *(.lfuse)
 *(.hfuse)
 *(.efuse)

.lock
 *(.lock*)

.signature
 *(.signature*)

.stab
 *(.stab)

.stabstr
 *(.stabstr)

.stab.excl
 *(.stab.excl)

.stab.exclstr
 *(.stab.exclstr)

.stab.index
 *(.stab.index)

.stab.indexstr
 *(.stab.indexstr)

.comment        0x0000000000000000       0x26
 *(.comment)
 .comment       0x0000000000000000       0x26 /var/folders/pt/dwcfn9sj5f79_5k1b3fzbqpw0000gn/T//JTAG2UPDI.elf.Cqt3XV.ltrans0.ltrans.o
                                         0x27 (size before relaxing)

.note.gnu.avr.deviceinfo
                0x0000000000000000       0x40
 .note.gnu.avr.deviceinfo
                0x0000000000000000       0x40 /usr/local/Cellar/avr-gcc@9/9.3.0_3/lib/avr-gcc/9/gcc/avr/9.3.0/../../../../../../avr/lib/avr5/crtatmega328p.o

.note.gnu.build-id
 *(.note.gnu.build-id)

.debug
 *(.debug)

.line
 *(.line)

.debug_srcinfo
 *(.debug_srcinfo)

.debug_sfnames
 *(.debug_sfnames)

.debug_aranges  0x0000000000000000       0x60
 *(.debug_aranges)
 .debug_aranges
                0x0000000000000000       0x20 /usr/local/Cellar/avr-gcc@9/9.3.0_3/lib/avr-gcc/9/gcc/avr/9.3.0/avr5/libgcc.a(_exit.o)
 .debug_aranges
                0x0000000000000020       0x20 /usr/local/Cellar/avr-gcc@9/9.3.0_3/lib/avr-gcc/9/gcc/avr/9.3.0/avr5/libgcc.a(_copy_data.o)
 .debug_aranges
                0x0000000000000040       0x20 /usr/local/Cellar/avr-gcc@9/9.3.0_3/lib/avr-gcc/9/gcc/avr/9.3.0/avr5/libgcc.a(_clear_bss.o)

.debug_pubnames
 *(.debug_pubnames)

.debug_info     0x0000000000000000      0x666
 *(.debug_info .gnu.linkonce.wi.*)
 .debug_info    0x0000000000000000      0x5f4 /usr/local/Cellar/avr-gcc@9/9.3.0_3/lib/avr-gcc/9/gcc/avr/9.3.0/../../../../../../avr/lib/avr5/crtatmega328p.o
 .debug_info    0x00000000000005f4       0x26 /usr/local/Cellar/avr-gcc@9/9.3.0_3/lib/avr-gcc/9/gcc/avr/9.3.0/avr5/libgcc.a(_exit.o)
 .debug_info    0x000000000000061a       0x26 /usr/local/Cellar/avr-gcc@9/9.3.0_3/lib/avr-gcc/9/gcc/avr/9.3.0/avr5/libgcc.a(_copy_data.o)
 .debug_info    0x0000000000000640       0x26 /usr/local/Cellar/avr-gcc@9/9.3.0_3/lib/avr-gcc/9/gcc/avr/9.3.0/avr5/libgcc.a(_clear_bss.o)

.debug_abbrev   0x0000000000000000      0x5de
 *(.debug_abbrev)
 .debug_abbrev  0x0000000000000000      0x5a2 /usr/local/Cellar/avr-gcc@9/9.3.0_3/lib/avr-gcc/9/gcc/avr/9.3.0/../../../../../../avr/lib/avr5/crtatmega328p.o
 .debug_abbrev  0x00000000000005a2       0x14 /usr/local/Cellar/avr-gcc@9/9.3.0_3/lib/avr-gcc/9/gcc/avr/9.3.0/avr5/libgcc.a(_exit.o)
 .debug_abbrev  0x00000000000005b6       0x14 /usr/local/Cellar/avr-gcc@9/9.3.0_3/lib/avr-gcc/9/gcc/avr/9.3.0/avr5/libgcc.a(_copy_data.o)
 .debug_abbrev  0x00000000000005ca       0x14 /usr/local/Cellar/avr-gcc@9/9.3.0_3/lib/avr-gcc/9/gcc/avr/9.3.0/avr5/libgcc.a(_clear_bss.o)

.debug_line     0x0000000000000000      0x19a
 *(.debug_line .debug_line.* .debug_line_end)
 .debug_line    0x0000000000000000       0x1d /usr/local/Cellar/avr-gcc@9/9.3.0_3/lib/avr-gcc/9/gcc/avr/9.3.0/../../../../../../avr/lib/avr5/crtatmega328p.o
 .debug_line    0x000000000000001d       0x61 /usr/local/Cellar/avr-gcc@9/9.3.0_3/lib/avr-gcc/9/gcc/avr/9.3.0/avr5/libgcc.a(_exit.o)
 .debug_line    0x000000000000007e       0x97 /usr/local/Cellar/avr-gcc@9/9.3.0_3/lib/avr-gcc/9/gcc/avr/9.3.0/avr5/libgcc.a(_copy_data.o)
 .debug_line    0x0000000000000115       0x85 /usr/local/Cellar/avr-gcc@9/9.3.0_3/lib/avr-gcc/9/gcc/avr/9.3.0/avr5/libgcc.a(_clear_bss.o)

.debug_frame
 *(.debug_frame)

.debug_str      0x0000000000000000      0x28c
 *(.debug_str)
 .debug_str     0x0000000000000000      0x208 /usr/local/Cellar/avr-gcc@9/9.3.0_3/lib/avr-gcc/9/gcc/avr/9.3.0/../../../../../../avr/lib/avr5/crtatmega328p.o
 .debug_str     0x0000000000000208       0x84 /usr/local/Cellar/avr-gcc@9/9.3.0_3/lib/avr-gcc/9/gcc/avr/9.3.0/avr5/libgcc.a(_exit.o)
 .debug_str     0x000000000000028c       0x84 /usr/local/Cellar/avr-gcc@9/9.3.0_3/lib/avr-gcc/9/gcc/avr/9.3.0/avr5/libgcc.a(_copy_data.o)
 .debug_str     0x000000000000028c       0x84 /usr/local/Cellar/avr-gcc@9/9.3.0_3/lib/avr-gcc/9/gcc/avr/9.3.0/avr5/libgcc.a(_clear_bss.o)

.debug_loc
 *(.debug_loc)

.debug_macinfo
 *(.debug_macinfo)

.debug_weaknames
 *(.debug_weaknames)

.debug_funcnames
 *(.debug_funcnames)

.debug_typenames
 *(.debug_typenames)

.debug_varnames
 *(.debug_varnames)

.debug_pubtypes
 *(.debug_pubtypes)

.debug_ranges
 *(.debug_ranges)

.debug_addr
 *(.debug_addr)

.debug_line_str
 *(.debug_line_str)

.debug_loclists
 *(.debug_loclists)

.debug_macro
 *(.debug_macro)

.debug_names
 *(.debug_names)

.debug_rnglists
 *(.debug_rnglists)

.debug_str_offsets
 *(.debug_str_offsets)

.debug_sup
 *(.debug_sup)
OUTPUT(./build/JTAG2UPDI.elf elf32-avr)
LOAD linker stubs
